// Jest Snapshot v1, https://goo.gl/fbAQLP

exports[`Renders the exact page 1`] = `[Function]`;
